[0m21:20:01.168819 [debug] [MainThread]: Sending event: {'category': 'dbt', 'action': 'invocation', 'label': 'start', 'context': [<snowplow_tracker.self_describing_json.SelfDescribingJson object at 0x7fd63470a850>, <snowplow_tracker.self_describing_json.SelfDescribingJson object at 0x7fd632b3c710>, <snowplow_tracker.self_describing_json.SelfDescribingJson object at 0x7fd632bec0d0>]}


============================== 21:20:01.179684 | 9550e751-8528-434e-8d6e-ff045f59942a ==============================
[0m21:20:01.179684 [info ] [MainThread]: Running with dbt=1.5.11
[0m21:20:01.183895 [debug] [MainThread]: running dbt with arguments {'printer_width': '80', 'indirect_selection': 'eager', 'write_json': 'True', 'log_cache_events': 'False', 'partial_parse': 'True', 'cache_selected_only': 'False', 'warn_error': 'None', 'version_check': 'True', 'debug': 'False', 'log_path': 'logs', 'fail_fast': 'False', 'profiles_dir': '/root/.dbt', 'use_colors': 'True', 'use_experimental_parser': 'False', 'no_print': 'None', 'quiet': 'False', 'warn_error_options': 'WarnErrorOptions(include=[], exclude=[])', 'introspect': 'True', 'static_parser': 'True', 'log_format': 'default', 'target_path': 'None', 'send_anonymous_usage_stats': 'True'}
[0m21:20:01.186799 [warn ] [MainThread]: [ConfigFolderDirectory]: Unable to parse dict {'dir': PosixPath('/root/.dbt')}
[0m21:20:01.194554 [info ] [MainThread]: Creating dbt configuration folder at 
[0m21:20:01.209640 [debug] [MainThread]: Starter project path: /usr/local/lib/python3.11/site-packages/dbt/include/starter_project
[0m21:20:03.827130 [info ] [MainThread]: Profile lab8 written to /root/.dbt/profiles.yml using target's sample configuration. Once updated, you'll be able to start developing with dbt.
[0m21:20:03.831064 [info ] [MainThread]: 
Your new dbt project "lab8" was created!

For more information on how to configure the profiles.yml file,
please consult the dbt documentation here:

  https://docs.getdbt.com/docs/configure-your-profile

One more thing:

Need help? Don't hesitate to reach out to us via GitHub issues or on Slack:

  https://community.getdbt.com/

Happy modeling!

[0m21:20:03.839642 [debug] [MainThread]: Command `dbt init` succeeded at 21:20:03.839211 after 2.68 seconds
[0m21:20:03.841315 [debug] [MainThread]: Sending event: {'category': 'dbt', 'action': 'invocation', 'label': 'end', 'context': [<snowplow_tracker.self_describing_json.SelfDescribingJson object at 0x7fd633063d10>, <snowplow_tracker.self_describing_json.SelfDescribingJson object at 0x7fd63470a850>, <snowplow_tracker.self_describing_json.SelfDescribingJson object at 0x7fd633094190>]}
[0m21:20:03.843605 [debug] [MainThread]: Flushing usage events
